// Jest Snapshot v1, https://goo.gl/fbAQLP

exports[`App should match snapshot 1`] = `
<div
  className="app"
>
  <div
    className="preview-area"
  >
    Preview area
  </div>
  <div
    className="layers-area"
    style={
      Object {
        "width": 300,
      }
    }
  >
    Layers area
  </div>
  <div
    className="timeline-area"
  >
    Timeline area
  </div>
</div>
`;
